---
http_interactions:
- request:
    method: get
    uri: http://maps.googleapis.com/maps/api/geocode/json?address=Amelia%20Island,%20Fla.&language=en&sensor=false
    body:
      encoding: US-ASCII
      string: ''
    headers:
      Accept-Encoding:
      - gzip;q=1.0,deflate;q=0.6,identity;q=0.3
      Accept:
      - "*/*"
      User-Agent:
      - Ruby
  response:
    status:
      code: 200
      message: OK
    headers:
      Content-Type:
      - application/json; charset=UTF-8
      Date:
      - Fri, 13 Feb 2015 00:56:05 GMT
      Expires:
      - Sat, 14 Feb 2015 00:56:05 GMT
      Cache-Control:
      - public, max-age=86400
      Access-Control-Allow-Origin:
      - "*"
      Server:
      - mafe
      X-Xss-Protection:
      - 1; mode=block
      X-Frame-Options:
      - SAMEORIGIN
      Alternate-Protocol:
      - 80:quic,p=0.08
      Accept-Ranges:
      - none
      Vary:
      - Accept-Encoding
      Transfer-Encoding:
      - chunked
    body:
      encoding: UTF-8
      string: |
        {
           "results" : [
              {
                 "address_components" : [
                    {
                       "long_name" : "Amelia Island",
                       "short_name" : "Amelia Island",
                       "types" : [ "natural_feature", "establishment" ]
                    },
                    {
                       "long_name" : "Nassau County",
                       "short_name" : "Nassau County",
                       "types" : [ "administrative_area_level_2", "political" ]
                    },
                    {
                       "long_name" : "Florida",
                       "short_name" : "FL",
                       "types" : [ "administrative_area_level_1", "political" ]
                    },
                    {
                       "long_name" : "United States",
                       "short_name" : "US",
                       "types" : [ "country", "political" ]
                    },
                    {
                       "long_name" : "32034",
                       "short_name" : "32034",
                       "types" : [ "postal_code" ]
                    }
                 ],
                 "formatted_address" : "Amelia Island, Florida 32034, USA",
                 "geometry" : {
                    "bounds" : {
                       "northeast" : {
                          "lat" : 30.705708,
                          "lng" : -81.4267175
                       },
                       "southwest" : {
                          "lat" : 30.515759,
                          "lng" : -81.488119
                       }
                    },
                    "location" : {
                       "lat" : 30.6265697,
                       "lng" : -81.46085599999999
                    },
                    "location_type" : "APPROXIMATE",
                    "viewport" : {
                       "northeast" : {
                          "lat" : 30.705708,
                          "lng" : -81.4267175
                       },
                       "southwest" : {
                          "lat" : 30.515759,
                          "lng" : -81.488119
                       }
                    }
                 },
                 "types" : [ "natural_feature", "establishment" ]
              }
           ],
           "status" : "OK"
        }
    http_version: 
  recorded_at: Fri, 13 Feb 2015 00:56:05 GMT
- request:
    method: get
    uri: https://api.foursquare.com/v2/venues/explore?near=Nassau%20County,%20Florida,%20United%20States&oauth_token=MLVKPP02MXONRZ1AJO0XAXIE4WCWSKUOIFPPQCERTNTQBXZR&query=St.%20Peter%27s%20Episcopal%20Church%20Cemetery&v=20140819&venuePhotos=1
    body:
      encoding: US-ASCII
      string: ''
    headers:
      Accept-Encoding:
      - gzip;q=1.0,deflate;q=0.6,identity;q=0.3
      Accept:
      - "*/*"
      User-Agent:
      - Ruby
  response:
    status:
      code: 200
      message: OK
    headers:
      Date:
      - Fri, 13 Feb 2015 00:56:06 GMT
      Server:
      - nginx
      Content-Type:
      - application/json; charset=utf-8
      Access-Control-Allow-Origin:
      - "*"
      Tracer-Time:
      - '461'
      X-Ratelimit-Limit:
      - '500'
      X-Ratelimit-Remaining:
      - '499'
      Strict-Transport-Security:
      - max-age=864000
      X-Ex:
      - fastly_cdn
      Accept-Ranges:
      - bytes
      Via:
      - 1.1 varnish
      X-Served-By:
      - cache-lax1429-LAX
      X-Cache:
      - MISS
      X-Cache-Hits:
      - '0'
      Vary:
      - Accept-Encoding,User-Agent,Accept-Language
      Transfer-Encoding:
      - chunked
    body:
      encoding: ASCII-8BIT
      string: '{"meta":{"code":200},"notifications":[{"type":"notificationTray","item":{"unreadCount":63}}],"response":{"geocode":{"what":"","where":"nassau
        county florida united states","center":{"lat":30.61058,"lng":-81.77142},"displayString":"Nassau
        County, FL, United States","cc":"US","geometry":{"bounds":{"ne":{"lat":30.829924,"lng":-81.346358},"sw":{"lat":30.273336999999998,"lng":-82.050331}}},"slug":"nassau-county-florida","longId":"72057594042093539"},"headerLocation":"Current
        map view","headerFullLocation":"Current map view","headerLocationGranularity":"unknown","query":"st
        peter''s episcopal church cemetery","totalResults":16,"suggestedBounds":{"ne":{"lat":30.690542548947047,"lng":-81.44621635669357},"sw":{"lat":30.22602196585787,"lng":-81.72646139824202}},"groups":[{"type":"Recommended
        Places","name":"recommended","items":[{"reasons":{"count":0,"items":[{"summary":"This
        spot is popular","type":"general","reasonName":"globalInteractionReason"}]},"venue":{"id":"4eee05efbe7b6d62012e0263","name":"St
        Peters Episcopal Church","contact":{},"location":{"lat":30.669427976988448,"lng":-81.45895476767303,"postalCode":"32034","cc":"US","city":"Fernandina
        Beach","state":"FL","country":"United States","formattedAddress":["Fernandina
        Beach, FL 32034"]},"categories":[{"id":"4bf58dd8d48988d132941735","name":"Church","pluralName":"Churches","shortName":"Church","icon":{"prefix":"https:\/\/ss3.4sqi.net\/img\/categories_v2\/building\/religious_church_","suffix":".png"},"primary":true}],"verified":false,"stats":{"checkinsCount":31,"usersCount":20,"tipCount":0},"like":false,"specials":{"count":0,"items":[]},"photos":{"count":3,"groups":[{"type":"venue","name":"Venue
        photos","count":3,"items":[{"id":"532b8588498e83fb97b38637","createdAt":1395361160,"prefix":"https:\/\/irs2.4sqi.net\/img\/general\/","suffix":"\/7038172_Q9RvG7QPBvm1c_30WrPzI2mwcKjnqxsP-y0BWbJR-eI.jpg","width":960,"height":720,"user":{"id":"7038172","firstName":"Casey","lastName":"Walker","gender":"female","photo":{"prefix":"https:\/\/irs3.4sqi.net\/img\/user\/","suffix":"\/QXCS4BUBGKFBJJLL.jpg"}},"visibility":"public"}]}]},"hereNow":{"count":0,"summary":"Nobody
        here","groups":[]},"featuredPhotos":{"count":1,"items":[{"id":"532b8588498e83fb97b38637","createdAt":1395361160,"prefix":"https:\/\/irs2.4sqi.net\/img\/general\/","suffix":"\/7038172_Q9RvG7QPBvm1c_30WrPzI2mwcKjnqxsP-y0BWbJR-eI.jpg","width":960,"height":720,"user":{"id":"7038172","firstName":"Casey","lastName":"Walker","gender":"female","photo":{"prefix":"https:\/\/irs3.4sqi.net\/img\/user\/","suffix":"\/QXCS4BUBGKFBJJLL.jpg"}},"visibility":"public"}]}},"flags":{"outsideRadius":true,"exactMatch":true},"referralId":"e-0-4eee05efbe7b6d62012e0263-0"},{"reasons":{"count":0,"items":[{"summary":"This
        spot is popular","type":"general","reasonName":"globalInteractionReason"}]},"venue":{"id":"4ceb1478f86537046bbcc0c4","name":"St
        Peter''s Episcopal Church","contact":{},"location":{"address":"5042 Timuquana
        Rd","crossStreet":"Ortega Farms Blvd","lat":30.247136537816473,"lng":-81.71372298726254,"postalCode":"32210","cc":"US","city":"Jacksonville","state":"FL","country":"United
        States","formattedAddress":["5042 Timuquana Rd (Ortega Farms Blvd)","Jacksonville,
        FL 32210"]},"categories":[{"id":"4bf58dd8d48988d132941735","name":"Church","pluralName":"Churches","shortName":"Church","icon":{"prefix":"https:\/\/ss3.4sqi.net\/img\/categories_v2\/building\/religious_church_","suffix":".png"},"primary":true}],"verified":false,"stats":{"checkinsCount":169,"usersCount":28,"tipCount":0},"like":false,"specials":{"count":0,"items":[]},"photos":{"count":0,"groups":[]},"hereNow":{"count":0,"summary":"Nobody
        here","groups":[]}},"flags":{"outsideRadius":true,"exactMatch":true},"referralId":"e-0-4ceb1478f86537046bbcc0c4-1"},{"reasons":{"count":0,"items":[{"summary":"This
        spot is popular","type":"general","reasonName":"globalInteractionReason"}]},"venue":{"id":"4fe74099e4b0b484a4e90f67","name":"St.
        Elizabeth''s Episcopal Church","contact":{"phone":"9047512626","formattedPhone":"(904)
        751-2626"},"location":{"address":"1735 Leonid Rd","lat":30.43028000273491,"lng":-81.6746305286127,"postalCode":"32218","cc":"US","city":"Jacksonville","state":"FL","country":"United
        States","formattedAddress":["1735 Leonid Rd","Jacksonville, FL 32218"]},"categories":[{"id":"4bf58dd8d48988d132941735","name":"Church","pluralName":"Churches","shortName":"Church","icon":{"prefix":"https:\/\/ss3.4sqi.net\/img\/categories_v2\/building\/religious_church_","suffix":".png"},"primary":true}],"verified":false,"stats":{"checkinsCount":11,"usersCount":2,"tipCount":0},"like":false,"specials":{"count":0,"items":[]},"photos":{"count":0,"groups":[]},"hereNow":{"count":0,"summary":"Nobody
        here","groups":[]}},"referralId":"e-0-4fe74099e4b0b484a4e90f67-2"},{"reasons":{"count":0,"items":[{"summary":"This
        spot is popular","type":"general","reasonName":"globalInteractionReason"}]},"venue":{"id":"4d17a9f88312236ad8825fba","name":"St.
        Catherine''s Episcopal Church","contact":{},"location":{"address":"4758 Shelby
        Ave","lat":30.28903364177676,"lng":-81.72773606973996,"cc":"US","city":"Jacksonville","state":"FL","country":"United
        States","formattedAddress":["4758 Shelby Ave","Jacksonville, FL"]},"categories":[{"id":"4bf58dd8d48988d132941735","name":"Church","pluralName":"Churches","shortName":"Church","icon":{"prefix":"https:\/\/ss3.4sqi.net\/img\/categories_v2\/building\/religious_church_","suffix":".png"},"primary":true}],"verified":false,"stats":{"checkinsCount":90,"usersCount":20,"tipCount":0},"like":false,"specials":{"count":0,"items":[]},"photos":{"count":0,"groups":[]},"hereNow":{"count":0,"summary":"Nobody
        here","groups":[]}},"flags":{"outsideRadius":true},"referralId":"e-0-4d17a9f88312236ad8825fba-3"},{"reasons":{"count":0,"items":[{"summary":"This
        spot is popular","type":"general","reasonName":"globalInteractionReason"}]},"venue":{"id":"4d29c57177a2a1cdfed96eb7","name":"St
        Peter''s Catholic Church","contact":{},"location":{"address":"960 Girvin Rd","lat":30.338863883044993,"lng":-81.46456443051558,"postalCode":"32225","cc":"US","city":"Jacksonville","state":"FL","country":"United
        States","formattedAddress":["960 Girvin Rd","Jacksonville, FL 32225"]},"categories":[{"id":"4bf58dd8d48988d132941735","name":"Church","pluralName":"Churches","shortName":"Church","icon":{"prefix":"https:\/\/ss3.4sqi.net\/img\/categories_v2\/building\/religious_church_","suffix":".png"},"primary":true}],"verified":false,"stats":{"checkinsCount":67,"usersCount":27,"tipCount":1},"like":false,"specials":{"count":0,"items":[]},"photos":{"count":0,"groups":[]},"hereNow":{"count":0,"summary":"Nobody
        here","groups":[]}},"flags":{"outsideRadius":true},"tips":[{"id":"4f660af5e4b0272f2d7ebfe9","createdAt":1332087541,"text":"Sunday
        mass at 9:30am","type":"user","canonicalUrl":"https:\/\/foursquare.com\/item\/4f660af5e4b0272f2d7ebfe9","likes":{"count":2,"groups":[],"summary":"2
        likes"},"logView":true,"todo":{"count":0},"user":{"id":"65465","firstName":"Lauren","lastName":"Teague","gender":"female","photo":{"prefix":"https:\/\/irs1.4sqi.net\/img\/user\/","suffix":"\/LSC1UNLH3OAFBXW0.jpg"}}}],"referralId":"e-0-4d29c57177a2a1cdfed96eb7-4"},{"reasons":{"count":0,"items":[{"summary":"This
        spot is popular","type":"general","reasonName":"globalInteractionReason"}]},"venue":{"id":"523dbe3511d281eaf0a18512","name":"St
        Mark''s Episcopal Church","contact":{},"location":{"lat":30.273568,"lng":-81.701835,"cc":"US","city":"Jacksonville","state":"FL","country":"United
        States","formattedAddress":["Jacksonville, FL"]},"categories":[{"id":"4bf58dd8d48988d132941735","name":"Church","pluralName":"Churches","shortName":"Church","icon":{"prefix":"https:\/\/ss3.4sqi.net\/img\/categories_v2\/building\/religious_church_","suffix":".png"},"primary":true}],"verified":false,"stats":{"checkinsCount":21,"usersCount":15,"tipCount":0},"like":false,"specials":{"count":0,"items":[]},"photos":{"count":2,"groups":[{"type":"venue","name":"Venue
        photos","count":2,"items":[{"id":"5311db4311d2091183f8971e","createdAt":1393679171,"prefix":"https:\/\/irs0.4sqi.net\/img\/general\/","suffix":"\/1304084_8wpRgAhkxWkYt8Pu6ZtE4JJwheyLTQTUYc4DZ8oSoXM.jpg","width":960,"height":720,"user":{"id":"1304084","firstName":"Meisha","gender":"female","photo":{"prefix":"https:\/\/irs3.4sqi.net\/img\/user\/","suffix":"\/1304084-MEFATPDX34LL04M2.jpg"}},"visibility":"public"}]}]},"hereNow":{"count":0,"summary":"Nobody
        here","groups":[]},"featuredPhotos":{"count":1,"items":[{"id":"5311db4311d2091183f8971e","createdAt":1393679171,"prefix":"https:\/\/irs0.4sqi.net\/img\/general\/","suffix":"\/1304084_8wpRgAhkxWkYt8Pu6ZtE4JJwheyLTQTUYc4DZ8oSoXM.jpg","width":960,"height":720,"user":{"id":"1304084","firstName":"Meisha","gender":"female","photo":{"prefix":"https:\/\/irs3.4sqi.net\/img\/user\/","suffix":"\/1304084-MEFATPDX34LL04M2.jpg"}},"visibility":"public"}]}},"flags":{"outsideRadius":true},"referralId":"e-0-523dbe3511d281eaf0a18512-5"},{"reasons":{"count":0,"items":[{"summary":"This
        spot is popular","type":"general","reasonName":"globalInteractionReason"}]},"venue":{"id":"4ef695c3469012b8c05d58f9","name":"St
        Mark''s Episcopal Church","contact":{},"location":{"lat":30.275374407650432,"lng":-81.70154623091032,"postalCode":"32065","cc":"US","city":"Jacksonville","state":"FL","country":"United
        States","formattedAddress":["Jacksonville, FL 32065"]},"categories":[{"id":"4bf58dd8d48988d132941735","name":"Church","pluralName":"Churches","shortName":"Church","icon":{"prefix":"https:\/\/ss3.4sqi.net\/img\/categories_v2\/building\/religious_church_","suffix":".png"},"primary":true}],"verified":false,"stats":{"checkinsCount":41,"usersCount":21,"tipCount":0},"like":false,"specials":{"count":0,"items":[]},"photos":{"count":1,"groups":[]},"hereNow":{"count":0,"summary":"Nobody
        here","groups":[]}},"flags":{"outsideRadius":true},"referralId":"e-0-4ef695c3469012b8c05d58f9-6"},{"reasons":{"count":0,"items":[{"summary":"This
        spot is popular","type":"general","reasonName":"globalInteractionReason"}]},"venue":{"id":"4de03ddc45dd3eae8769e0dc","name":"St.
        Patrick''s Episcopal Church","contact":{"phone":"9042872807","formattedPhone":"(904)
        287-2807"},"location":{"address":"1221 State Road 13","lat":30.140318153394,"lng":-81.58681676208302,"postalCode":"32259","cc":"US","city":"Jacksonville","state":"FL","country":"United
        States","formattedAddress":["1221 State Road 13","Jacksonville, FL 32259"]},"categories":[{"id":"4bf58dd8d48988d132941735","name":"Church","pluralName":"Churches","shortName":"Church","icon":{"prefix":"https:\/\/ss3.4sqi.net\/img\/categories_v2\/building\/religious_church_","suffix":".png"},"primary":true}],"verified":false,"stats":{"checkinsCount":7,"usersCount":7,"tipCount":0},"like":false,"specials":{"count":0,"items":[]},"photos":{"count":0,"groups":[]},"hereNow":{"count":0,"summary":"Nobody
        here","groups":[]}},"flags":{"outsideRadius":true},"referralId":"e-0-4de03ddc45dd3eae8769e0dc-7"},{"reasons":{"count":0,"items":[{"summary":"This
        spot is popular","type":"general","reasonName":"globalInteractionReason"}]},"venue":{"id":"4df2515922718759f81b5d77","name":"St
        Margaret''s Episcopal Church","contact":{},"location":{"address":"6643 Old
        Church Rd","lat":30.06786382016955,"lng":-81.69775595368054,"postalCode":"32003","cc":"US","city":"Fleming
        Island","state":"FL","country":"United States","formattedAddress":["6643 Old
        Church Rd","Fleming Island, FL 32003"]},"categories":[{"id":"4bf58dd8d48988d132941735","name":"Church","pluralName":"Churches","shortName":"Church","icon":{"prefix":"https:\/\/ss3.4sqi.net\/img\/categories_v2\/building\/religious_church_","suffix":".png"},"primary":true}],"verified":false,"stats":{"checkinsCount":11,"usersCount":8,"tipCount":0},"like":false,"specials":{"count":0,"items":[]},"photos":{"count":0,"groups":[]},"hereNow":{"count":0,"summary":"Nobody
        here","groups":[]}},"flags":{"outsideRadius":true},"referralId":"e-0-4df2515922718759f81b5d77-8"},{"reasons":{"count":0,"items":[{"summary":"This
        spot is popular","type":"general","reasonName":"globalInteractionReason"}]},"venue":{"id":"4f50f89ee4b0a3428ac2f66b","name":"St.
        Mark''s Episcopal Church","contact":{},"location":{"address":"900 Gloucester
        St","lat":31.14982468458418,"lng":-81.491528978172,"postalCode":"31520","cc":"US","city":"Brunswick","state":"GA","country":"United
        States","formattedAddress":["900 Gloucester St","Brunswick, GA 31520"]},"categories":[{"id":"4bf58dd8d48988d132941735","name":"Church","pluralName":"Churches","shortName":"Church","icon":{"prefix":"https:\/\/ss3.4sqi.net\/img\/categories_v2\/building\/religious_church_","suffix":".png"},"primary":true}],"verified":false,"stats":{"checkinsCount":28,"usersCount":12,"tipCount":0},"like":false,"specials":{"count":0,"items":[]},"photos":{"count":3,"groups":[{"type":"venue","name":"Venue
        photos","count":3,"items":[{"id":"54844d3f498e0ae395e8fd06","createdAt":1417956671,"prefix":"https:\/\/irs2.4sqi.net\/img\/general\/","suffix":"\/30893920_pBGZYMuBWR-24OaNzW19CA8tgFKIx3GCoAMwzYjx9tI.jpg","width":1080,"height":1440,"user":{"id":"30893920","firstName":"Mac","lastName":"McCormick","gender":"male","photo":{"prefix":"https:\/\/irs1.4sqi.net\/img\/user\/","suffix":"\/XQGJUS3KBOID2VN0.jpg"}},"visibility":"public"}]}]},"hereNow":{"count":0,"summary":"Nobody
        here","groups":[]},"featuredPhotos":{"count":1,"items":[{"id":"54844d3f498e0ae395e8fd06","createdAt":1417956671,"prefix":"https:\/\/irs2.4sqi.net\/img\/general\/","suffix":"\/30893920_pBGZYMuBWR-24OaNzW19CA8tgFKIx3GCoAMwzYjx9tI.jpg","width":1080,"height":1440,"user":{"id":"30893920","firstName":"Mac","lastName":"McCormick","gender":"male","photo":{"prefix":"https:\/\/irs1.4sqi.net\/img\/user\/","suffix":"\/XQGJUS3KBOID2VN0.jpg"}},"visibility":"public"}]}},"flags":{"outsideRadius":true},"referralId":"e-0-4f50f89ee4b0a3428ac2f66b-9"},{"reasons":{"count":0,"items":[{"summary":"This
        spot is popular","type":"general","reasonName":"globalInteractionReason"}]},"venue":{"id":"4cfba7de7945224bb63387e7","name":"St.
        Mary''s Episcopal Church","contact":{"phone":"9042845434","formattedPhone":"(904)
        284-5434"},"location":{"address":"400 Saint Johns Ave","lat":29.997463597904375,"lng":-81.6778444584574,"postalCode":"32043","cc":"US","city":"Green
        Cove Springs","state":"FL","country":"United States","formattedAddress":["400
        Saint Johns Ave","Green Cove Springs, FL 32043"]},"categories":[{"id":"4bf58dd8d48988d132941735","name":"Church","pluralName":"Churches","shortName":"Church","icon":{"prefix":"https:\/\/ss3.4sqi.net\/img\/categories_v2\/building\/religious_church_","suffix":".png"},"primary":true}],"verified":false,"stats":{"checkinsCount":92,"usersCount":13,"tipCount":0},"like":false,"specials":{"count":0,"items":[]},"photos":{"count":6,"groups":[{"type":"venue","name":"Venue
        photos","count":6,"items":[{"id":"4d8f3ba09bb328fde5839c54","createdAt":1301232544,"prefix":"https:\/\/irs0.4sqi.net\/img\/general\/","suffix":"\/A3SQAXHDPNE5HFDJQODYPI4WYAUEKIPB1B2BBBF4T0ZXJJLX.jpg","width":720,"height":537,"user":{"id":"1969630","firstName":"Matt","lastName":"Basford","gender":"male","photo":{"prefix":"https:\/\/irs2.4sqi.net\/img\/user\/","suffix":"\/AU5LIIDR0BDW0L5J.jpg"}},"visibility":"public"}]}]},"hereNow":{"count":0,"summary":"Nobody
        here","groups":[]},"featuredPhotos":{"count":1,"items":[{"id":"4d8f3ba09bb328fde5839c54","createdAt":1301232544,"prefix":"https:\/\/irs0.4sqi.net\/img\/general\/","suffix":"\/A3SQAXHDPNE5HFDJQODYPI4WYAUEKIPB1B2BBBF4T0ZXJJLX.jpg","width":720,"height":537,"user":{"id":"1969630","firstName":"Matt","lastName":"Basford","gender":"male","photo":{"prefix":"https:\/\/irs2.4sqi.net\/img\/user\/","suffix":"\/AU5LIIDR0BDW0L5J.jpg"}},"visibility":"public"}]}},"flags":{"outsideRadius":true},"referralId":"e-0-4cfba7de7945224bb63387e7-10"},{"reasons":{"count":0,"items":[{"summary":"This
        spot is popular","type":"general","reasonName":"globalInteractionReason"}]},"venue":{"id":"54c3344b498e215fada9ba22","name":"St.
        Peters Missionary Baptist Church","contact":{"phone":"9124960081","formattedPhone":"(912)
        496-0081"},"location":{"address":"300 Fireman St","lat":31.196026570172062,"lng":-82.35701322555542,"postalCode":"31503","cc":"US","city":"Waycross","state":"GA","country":"United
        States","formattedAddress":["300 Fireman St","Waycross, GA 31503"]},"categories":[{"id":"4bf58dd8d48988d1ff941735","name":"Miscellaneous
        Shop","pluralName":"Miscellaneous Shops","shortName":"Shop","icon":{"prefix":"https:\/\/ss3.4sqi.net\/img\/categories_v2\/shops\/default_","suffix":".png"},"primary":true}],"verified":false,"stats":{"checkinsCount":0,"usersCount":0,"tipCount":0},"like":false,"specials":{"count":0,"items":[]},"photos":{"count":0,"groups":[]},"hereNow":{"count":0,"summary":"Nobody
        here","groups":[]}},"flags":{"outsideRadius":true},"referralId":"e-0-54c3344b498e215fada9ba22-11"},{"reasons":{"count":0,"items":[{"summary":"This
        spot is popular","type":"general","reasonName":"globalInteractionReason"}]},"venue":{"id":"4bcb7555cc8cd13a6c76bfcf","name":"Grace
        Episcopal Church","contact":{"phone":"9042649981","formattedPhone":"(904)
        264-9981"},"location":{"address":"245 Kingsley Ave","lat":30.165887475013733,"lng":-81.70025825500488,"postalCode":"32073","cc":"US","city":"Orange
        Park","state":"FL","country":"United States","formattedAddress":["245 Kingsley
        Ave","Orange Park, FL 32073"]},"categories":[{"id":"4bf58dd8d48988d132941735","name":"Church","pluralName":"Churches","shortName":"Church","icon":{"prefix":"https:\/\/ss3.4sqi.net\/img\/categories_v2\/building\/religious_church_","suffix":".png"},"primary":true}],"verified":false,"stats":{"checkinsCount":64,"usersCount":29,"tipCount":0},"url":"http:\/\/www.graceepiscopalop.org","like":false,"specials":{"count":0,"items":[]},"photos":{"count":2,"groups":[{"type":"venue","name":"Venue
        photos","count":2,"items":[{"id":"53f4b8ef498e4ebe01fad884","createdAt":1408547055,"prefix":"https:\/\/irs1.4sqi.net\/img\/general\/","suffix":"\/18271388_BudPmXzU5vnF3NObewmGmZ1nC1wgLftWr8T_s5pboD0.jpg","width":720,"height":720,"user":{"id":"18271388","firstName":"Gary","lastName":"Manning","gender":"male","photo":{"prefix":"https:\/\/irs2.4sqi.net\/img\/user\/","suffix":"\/QXT1MYOA1DT0NCV3.jpg"}},"visibility":"public"}]}]},"hereNow":{"count":0,"summary":"Nobody
        here","groups":[]},"featuredPhotos":{"count":1,"items":[{"id":"53f4b8ef498e4ebe01fad884","createdAt":1408547055,"prefix":"https:\/\/irs1.4sqi.net\/img\/general\/","suffix":"\/18271388_BudPmXzU5vnF3NObewmGmZ1nC1wgLftWr8T_s5pboD0.jpg","width":720,"height":720,"user":{"id":"18271388","firstName":"Gary","lastName":"Manning","gender":"male","photo":{"prefix":"https:\/\/irs2.4sqi.net\/img\/user\/","suffix":"\/QXT1MYOA1DT0NCV3.jpg"}},"visibility":"public"}]}},"flags":{"outsideRadius":true},"referralId":"e-0-4bcb7555cc8cd13a6c76bfcf-12"},{"reasons":{"count":0,"items":[{"summary":"This
        spot is popular","type":"general","reasonName":"globalInteractionReason"}]},"venue":{"id":"51a12d19498edfa823a5bb45","name":"St.
        James Episcopal Church","contact":{},"location":{"lat":30.164791,"lng":-82.645414,"cc":"US","city":"Lake
        City","state":"FL","country":"United States","formattedAddress":["Lake City,
        FL"]},"categories":[{"id":"4bf58dd8d48988d132941735","name":"Church","pluralName":"Churches","shortName":"Church","icon":{"prefix":"https:\/\/ss3.4sqi.net\/img\/categories_v2\/building\/religious_church_","suffix":".png"},"primary":true}],"verified":false,"stats":{"checkinsCount":3,"usersCount":3,"tipCount":0},"like":false,"specials":{"count":0,"items":[]},"photos":{"count":0,"groups":[]},"hereNow":{"count":0,"summary":"Nobody
        here","groups":[]}},"flags":{"outsideRadius":true},"referralId":"e-0-51a12d19498edfa823a5bb45-13"},{"reasons":{"count":0,"items":[{"summary":"This
        spot is popular","type":"general","reasonName":"globalInteractionReason"}]},"venue":{"id":"4d5aab23d0332c0f506573da","name":"St
        Mark''s Episcopal Church","contact":{"phone":"3863281474","formattedPhone":"(386)
        328-1474"},"location":{"address":"200 Main St","lat":29.648573,"lng":-81.62944,"postalCode":"32177","cc":"US","city":"Palatka","state":"FL","country":"United
        States","formattedAddress":["200 Main St","Palatka, FL 32177"]},"categories":[{"id":"4bf58dd8d48988d132941735","name":"Church","pluralName":"Churches","shortName":"Church","icon":{"prefix":"https:\/\/ss3.4sqi.net\/img\/categories_v2\/building\/religious_church_","suffix":".png"},"primary":true}],"verified":false,"stats":{"checkinsCount":2,"usersCount":2,"tipCount":0},"like":false,"specials":{"count":0,"items":[]},"photos":{"count":0,"groups":[]},"hereNow":{"count":0,"summary":"Nobody
        here","groups":[]}},"flags":{"outsideRadius":true},"referralId":"e-0-4d5aab23d0332c0f506573da-14"},{"reasons":{"count":0,"items":[{"summary":"This
        spot is popular","type":"general","reasonName":"globalInteractionReason"}]},"venue":{"id":"4c4c465b42b4d13aa66bda7f","name":"St
        Joseph''s Episcopal Church","contact":{"phone":"3524722951","formattedPhone":"(352)
        472-2951"},"location":{"address":"16921 W Newberry Rd","lat":29.654086888139208,"lng":-82.5221536220233,"postalCode":"32669","cc":"US","city":"Newberry","state":"FL","country":"United
        States","formattedAddress":["16921 W Newberry Rd","Newberry, FL 32669"]},"categories":[{"id":"4bf58dd8d48988d132941735","name":"Church","pluralName":"Churches","shortName":"Church","icon":{"prefix":"https:\/\/ss3.4sqi.net\/img\/categories_v2\/building\/religious_church_","suffix":".png"},"primary":true}],"verified":false,"stats":{"checkinsCount":11,"usersCount":4,"tipCount":1},"like":false,"specials":{"count":0,"items":[]},"photos":{"count":0,"groups":[]},"hereNow":{"count":0,"summary":"Nobody
        here","groups":[]}},"flags":{"outsideRadius":true},"tips":[{"id":"4cc42ddb3d7fa1cd503baa5f","createdAt":1287925211,"text":"Wonderful
        family church! We''d love to have you join us!","type":"user","canonicalUrl":"https:\/\/foursquare.com\/item\/4cc42ddb3d7fa1cd503baa5f","logView":true,"todo":{"count":0},"user":{"id":"913716","firstName":"Kimberlee","lastName":"Oakes","gender":"female","photo":{"prefix":"https:\/\/irs2.4sqi.net\/img\/user\/","suffix":"\/4UBYA0IK5JR4WJRJ.jpg"}}}],"referralId":"e-0-4c4c465b42b4d13aa66bda7f-15"}]}]}}'
    http_version: 
  recorded_at: Fri, 13 Feb 2015 00:56:06 GMT
- request:
    method: get
    uri: https://api.foursquare.com/v2/venues/4eee05efbe7b6d62012e0263?oauth_token=MLVKPP02MXONRZ1AJO0XAXIE4WCWSKUOIFPPQCERTNTQBXZR&v=20140819
    body:
      encoding: US-ASCII
      string: ''
    headers:
      Accept-Encoding:
      - gzip;q=1.0,deflate;q=0.6,identity;q=0.3
      Accept:
      - "*/*"
      User-Agent:
      - Ruby
  response:
    status:
      code: 200
      message: OK
    headers:
      Date:
      - Fri, 13 Feb 2015 00:56:06 GMT
      Server:
      - nginx
      Content-Type:
      - application/json; charset=utf-8
      Access-Control-Allow-Origin:
      - "*"
      Tracer-Time:
      - '40'
      X-Ratelimit-Limit:
      - '500'
      X-Ratelimit-Remaining:
      - '498'
      Strict-Transport-Security:
      - max-age=864000
      X-Ex:
      - fastly_cdn
      Accept-Ranges:
      - bytes
      Via:
      - 1.1 varnish
      X-Served-By:
      - cache-sjc3132-SJC
      X-Cache:
      - MISS
      X-Cache-Hits:
      - '0'
      Vary:
      - Accept-Encoding,User-Agent,Accept-Language
      Transfer-Encoding:
      - chunked
    body:
      encoding: ASCII-8BIT
      string: '{"meta":{"code":200},"notifications":[{"type":"notificationTray","item":{"unreadCount":63}}],"response":{"venue":{"id":"4eee05efbe7b6d62012e0263","name":"St
        Peters Episcopal Church","contact":{},"location":{"lat":30.669427976988448,"lng":-81.45895476767303,"postalCode":"32034","cc":"US","city":"Fernandina
        Beach","state":"FL","country":"United States","formattedAddress":["Fernandina
        Beach, FL 32034"]},"canonicalUrl":"https:\/\/foursquare.com\/v\/st-peters-episcopal-church\/4eee05efbe7b6d62012e0263","categories":[{"id":"4bf58dd8d48988d132941735","name":"Church","pluralName":"Churches","shortName":"Church","icon":{"prefix":"https:\/\/ss3.4sqi.net\/img\/categories_v2\/building\/religious_church_","suffix":".png"},"primary":true}],"verified":false,"stats":{"checkinsCount":31,"usersCount":20,"tipCount":0},"likes":{"count":0,"groups":[]},"like":false,"dislike":false,"ok":false,"specials":{"count":0,"items":[]},"photos":{"count":3,"groups":[{"type":"venue","name":"Venue
        photos","count":3,"items":[{"id":"549f51ff498e1ddf5fe8e5ce","createdAt":1419727359,"source":{"name":"Instagram","url":"http:\/\/instagram.com"},"prefix":"https:\/\/irs0.4sqi.net\/img\/general\/","suffix":"\/725312_ls_i7PAjjcuZJrEtWVasFuuoO7Gf-uiNCpQZrOe6ay0.jpg","width":640,"height":640,"user":{"id":"725312","firstName":"Kat","lastName":"Meredith","gender":"female","photo":{"prefix":"https:\/\/irs2.4sqi.net\/img\/user\/","suffix":"\/725312-M0KUI2YHXWMIWR0E.jpg"}},"visibility":"public"},{"id":"549f5cbb498eea5e41f2b902","createdAt":1419730107,"source":{"name":"Instagram","url":"http:\/\/instagram.com"},"prefix":"https:\/\/irs1.4sqi.net\/img\/general\/","suffix":"\/725312_62Kx33bB1Pk_7hEXtgRi9uiPqHSWHLYTIV5kTsgm0uk.jpg","width":640,"height":640,"user":{"id":"725312","firstName":"Kat","lastName":"Meredith","gender":"female","photo":{"prefix":"https:\/\/irs2.4sqi.net\/img\/user\/","suffix":"\/725312-M0KUI2YHXWMIWR0E.jpg"}},"visibility":"public"},{"id":"532b8588498e83fb97b38637","createdAt":1395361160,"source":{"name":"foursquare
        for iPhone","url":"https:\/\/foursquare.com\/download\/#\/iphone"},"prefix":"https:\/\/irs2.4sqi.net\/img\/general\/","suffix":"\/7038172_Q9RvG7QPBvm1c_30WrPzI2mwcKjnqxsP-y0BWbJR-eI.jpg","width":960,"height":720,"user":{"id":"7038172","firstName":"Casey","lastName":"Walker","gender":"female","photo":{"prefix":"https:\/\/irs3.4sqi.net\/img\/user\/","suffix":"\/QXCS4BUBGKFBJJLL.jpg"}},"visibility":"public"}]}]},"hereNow":{"count":0,"summary":"Nobody
        here","groups":[]},"reasons":{"count":0,"items":[]},"createdAt":1324221935,"tips":{"count":0,"groups":[{"type":"following","name":"Tips
        from people you follow","count":0,"items":[]}]},"tags":[],"shortUrl":"http:\/\/4sq.com\/tFjS4R","timeZone":"America\/New_York","listed":{"count":0,"groups":[]},"pageUpdates":{"count":0,"items":[]},"inbox":{"count":0,"items":[]},"venueRatingBlacklisted":true,"attributes":{"groups":[]}}}}'
    http_version: 
  recorded_at: Fri, 13 Feb 2015 00:56:06 GMT
- request:
    method: get
    uri: http://maps.googleapis.com/maps/api/geocode/json?language=en&latlng=30.669427976988448,-81.45895476767303&sensor=false
    body:
      encoding: US-ASCII
      string: ''
    headers:
      Accept-Encoding:
      - gzip;q=1.0,deflate;q=0.6,identity;q=0.3
      Accept:
      - "*/*"
      User-Agent:
      - Ruby
  response:
    status:
      code: 200
      message: OK
    headers:
      Content-Type:
      - application/json; charset=UTF-8
      Date:
      - Fri, 13 Feb 2015 00:56:06 GMT
      Expires:
      - Sat, 14 Feb 2015 00:56:06 GMT
      Cache-Control:
      - public, max-age=86400
      Access-Control-Allow-Origin:
      - "*"
      Server:
      - mafe
      X-Xss-Protection:
      - 1; mode=block
      X-Frame-Options:
      - SAMEORIGIN
      Alternate-Protocol:
      - 80:quic,p=0.08
      Accept-Ranges:
      - none
      Vary:
      - Accept-Encoding
      Transfer-Encoding:
      - chunked
    body:
      encoding: UTF-8
      string: |
        {
           "results" : [
              {
                 "address_components" : [
                    {
                       "long_name" : "802",
                       "short_name" : "802",
                       "types" : [ "street_number" ]
                    },
                    {
                       "long_name" : "Ash Street",
                       "short_name" : "Ash St",
                       "types" : [ "route" ]
                    },
                    {
                       "long_name" : "Fernandina Beach",
                       "short_name" : "Fernandina Beach",
                       "types" : [ "locality", "political" ]
                    },
                    {
                       "long_name" : "Nassau County",
                       "short_name" : "Nassau County",
                       "types" : [ "administrative_area_level_2", "political" ]
                    },
                    {
                       "long_name" : "Florida",
                       "short_name" : "FL",
                       "types" : [ "administrative_area_level_1", "political" ]
                    },
                    {
                       "long_name" : "United States",
                       "short_name" : "US",
                       "types" : [ "country", "political" ]
                    },
                    {
                       "long_name" : "32034",
                       "short_name" : "32034",
                       "types" : [ "postal_code" ]
                    },
                    {
                       "long_name" : "3627",
                       "short_name" : "3627",
                       "types" : [ "postal_code_suffix" ]
                    }
                 ],
                 "formatted_address" : "802 Ash Street, Fernandina Beach, FL 32034, USA",
                 "geometry" : {
                    "location" : {
                       "lat" : 30.66905599999999,
                       "lng" : -81.458821
                    },
                    "location_type" : "ROOFTOP",
                    "viewport" : {
                       "northeast" : {
                          "lat" : 30.67040498029149,
                          "lng" : -81.4574720197085
                       },
                       "southwest" : {
                          "lat" : 30.6677070197085,
                          "lng" : -81.46016998029151
                       }
                    }
                 },
                 "types" : [ "street_address" ]
              },
              {
                 "address_components" : [
                    {
                       "long_name" : "Fernandina Beach",
                       "short_name" : "Fernandina Beach",
                       "types" : [ "locality", "political" ]
                    },
                    {
                       "long_name" : "Nassau County",
                       "short_name" : "Nassau County",
                       "types" : [ "administrative_area_level_2", "political" ]
                    },
                    {
                       "long_name" : "Florida",
                       "short_name" : "FL",
                       "types" : [ "administrative_area_level_1", "political" ]
                    },
                    {
                       "long_name" : "United States",
                       "short_name" : "US",
                       "types" : [ "country", "political" ]
                    },
                    {
                       "long_name" : "32034",
                       "short_name" : "32034",
                       "types" : [ "postal_code" ]
                    }
                 ],
                 "formatted_address" : "Fernandina Beach, FL 32034, USA",
                 "geometry" : {
                    "bounds" : {
                       "northeast" : {
                          "lat" : 30.7056984,
                          "lng" : -81.42815349999999
                       },
                       "southwest" : {
                          "lat" : 30.5995321,
                          "lng" : -81.4834089
                       }
                    },
                    "location" : {
                       "lat" : 30.6696818,
                       "lng" : -81.46259189999999
                    },
                    "location_type" : "APPROXIMATE",
                    "viewport" : {
                       "northeast" : {
                          "lat" : 30.7056984,
                          "lng" : -81.42815349999999
                       },
                       "southwest" : {
                          "lat" : 30.5995321,
                          "lng" : -81.4834089
                       }
                    }
                 },
                 "types" : [ "locality", "political" ]
              },
              {
                 "address_components" : [
                    {
                       "long_name" : "32034",
                       "short_name" : "32034",
                       "types" : [ "postal_code" ]
                    },
                    {
                       "long_name" : "Fernandina Beach",
                       "short_name" : "Fernandina Beach",
                       "types" : [ "locality", "political" ]
                    },
                    {
                       "long_name" : "Florida",
                       "short_name" : "FL",
                       "types" : [ "administrative_area_level_1", "political" ]
                    },
                    {
                       "long_name" : "United States",
                       "short_name" : "US",
                       "types" : [ "country", "political" ]
                    }
                 ],
                 "formatted_address" : "Fernandina Beach, FL 32034, USA",
                 "geometry" : {
                    "bounds" : {
                       "northeast" : {
                          "lat" : 30.726288,
                          "lng" : -81.42279600000001
                       },
                       "southwest" : {
                          "lat" : 30.5018909,
                          "lng" : -81.57441799999999
                       }
                    },
                    "location" : {
                       "lat" : 30.59447269999999,
                       "lng" : -81.49379929999999
                    },
                    "location_type" : "APPROXIMATE",
                    "viewport" : {
                       "northeast" : {
                          "lat" : 30.726288,
                          "lng" : -81.42279600000001
                       },
                       "southwest" : {
                          "lat" : 30.5018909,
                          "lng" : -81.57441799999999
                       }
                    }
                 },
                 "postcode_localities" : [ "FERNANDINA", "Fernandina Beach" ],
                 "types" : [ "postal_code" ]
              },
              {
                 "address_components" : [
                    {
                       "long_name" : "Nassau County",
                       "short_name" : "Nassau County",
                       "types" : [ "administrative_area_level_2", "political" ]
                    },
                    {
                       "long_name" : "Florida",
                       "short_name" : "FL",
                       "types" : [ "administrative_area_level_1", "political" ]
                    },
                    {
                       "long_name" : "United States",
                       "short_name" : "US",
                       "types" : [ "country", "political" ]
                    }
                 ],
                 "formatted_address" : "Nassau County, FL, USA",
                 "geometry" : {
                    "bounds" : {
                       "northeast" : {
                          "lat" : 30.8297484,
                          "lng" : -81.42672949999999
                       },
                       "southwest" : {
                          "lat" : 30.2733371,
                          "lng" : -82.050331
                       }
                    },
                    "location" : {
                       "lat" : 30.5927334,
                       "lng" : -81.8224362
                    },
                    "location_type" : "APPROXIMATE",
                    "viewport" : {
                       "northeast" : {
                          "lat" : 30.8297484,
                          "lng" : -81.42672949999999
                       },
                       "southwest" : {
                          "lat" : 30.2733371,
                          "lng" : -82.050331
                       }
                    }
                 },
                 "types" : [ "administrative_area_level_2", "political" ]
              },
              {
                 "address_components" : [
                    {
                       "long_name" : "Jacksonville",
                       "short_name" : "Jacksonville",
                       "types" : [ "political" ]
                    },
                    {
                       "long_name" : "United States",
                       "short_name" : "US",
                       "types" : [ "country", "political" ]
                    }
                 ],
                 "formatted_address" : "Jacksonville, USA",
                 "geometry" : {
                    "bounds" : {
                       "northeast" : {
                          "lat" : 30.82749299999999,
                          "lng" : -81.21286119999999
                       },
                       "southwest" : {
                          "lat" : 29.622406,
                          "lng" : -82.45954400000001
                       }
                    },
                    "location" : {
                       "lat" : 30.0806477,
                       "lng" : -81.6911559
                    },
                    "location_type" : "APPROXIMATE",
                    "viewport" : {
                       "northeast" : {
                          "lat" : 30.82749299999999,
                          "lng" : -81.21286119999999
                       },
                       "southwest" : {
                          "lat" : 29.622406,
                          "lng" : -82.45954400000001
                       }
                    }
                 },
                 "types" : [ "political" ]
              },
              {
                 "address_components" : [
                    {
                       "long_name" : "Florida",
                       "short_name" : "FL",
                       "types" : [ "administrative_area_level_1", "political" ]
                    },
                    {
                       "long_name" : "United States",
                       "short_name" : "US",
                       "types" : [ "country", "political" ]
                    }
                 ],
                 "formatted_address" : "Florida, USA",
                 "geometry" : {
                    "bounds" : {
                       "northeast" : {
                          "lat" : 31.000968,
                          "lng" : -80.0311371
                       },
                       "southwest" : {
                          "lat" : 24.5210795,
                          "lng" : -87.634896
                       }
                    },
                    "location" : {
                       "lat" : 27.6648274,
                       "lng" : -81.5157535
                    },
                    "location_type" : "APPROXIMATE",
                    "viewport" : {
                       "northeast" : {
                          "lat" : 31.000968,
                          "lng" : -80.0311371
                       },
                       "southwest" : {
                          "lat" : 24.5233179,
                          "lng" : -87.634896
                       }
                    }
                 },
                 "types" : [ "administrative_area_level_1", "political" ]
              },
              {
                 "address_components" : [
                    {
                       "long_name" : "United States",
                       "short_name" : "US",
                       "types" : [ "country", "political" ]
                    }
                 ],
                 "formatted_address" : "United States",
                 "geometry" : {
                    "bounds" : {
                       "northeast" : {
                          "lat" : 71.389888,
                          "lng" : -66.94539469999999
                       },
                       "southwest" : {
                          "lat" : 18.9110642,
                          "lng" : 172.4458955
                       }
                    },
                    "location" : {
                       "lat" : 37.09024,
                       "lng" : -95.712891
                    },
                    "location_type" : "APPROXIMATE",
                    "viewport" : {
                       "northeast" : {
                          "lat" : 49.38,
                          "lng" : -66.94
                       },
                       "southwest" : {
                          "lat" : 25.82,
                          "lng" : -124.39
                       }
                    }
                 },
                 "types" : [ "country", "political" ]
              }
           ],
           "status" : "OK"
        }
    http_version: 
  recorded_at: Fri, 13 Feb 2015 00:56:06 GMT
- request:
    method: get
    uri: http://api.geonames.org/timezoneJSON?lat=30.669427976988448&lng=-81.45895476767303&username=sashafklein
    body:
      encoding: US-ASCII
      string: ''
    headers:
      Accept-Encoding:
      - gzip;q=1.0,deflate;q=0.6,identity;q=0.3
      Accept:
      - "*/*"
      User-Agent:
      - Ruby
  response:
    status:
      code: 200
      message: OK
    headers:
      Date:
      - Fri, 13 Feb 2015 00:56:07 GMT
      Server:
      - Apache/2.2.17 (Linux/SUSE)
      Cache-Control:
      - no-cache
      Access-Control-Allow-Origin:
      - "*"
      Transfer-Encoding:
      - chunked
      Content-Type:
      - application/json;charset=UTF-8
    body:
      encoding: UTF-8
      string: '{"time":"2015-02-12 19:56","countryName":"United States","sunset":"2015-02-13
        18:12","rawOffset":-5,"dstOffset":-4,"countryCode":"US","gmtOffset":-5,"lng":-81.45895476767303,"sunrise":"2015-02-13
        07:08","timezoneId":"America/New_York","lat":30.669427976988448}'
    http_version: 
  recorded_at: Fri, 13 Feb 2015 00:56:07 GMT
recorded_with: VCR 2.9.3
