---
http_interactions:
- request:
    method: get
    uri: http://api.geonames.org/timezoneJSON?lat=40.76424&lng=-73.97388&username=sashafklein
    body:
      encoding: US-ASCII
      string: ''
    headers:
      Accept-Encoding:
      - gzip;q=1.0,deflate;q=0.6,identity;q=0.3
      Accept:
      - "*/*"
      User-Agent:
      - Ruby
  response:
    status:
      code: 200
      message: OK
    headers:
      Date:
      - Tue, 13 Jan 2015 20:41:47 GMT
      Server:
      - Apache/2.4.6 (Linux/SUSE)
      Cache-Control:
      - no-cache
      Access-Control-Allow-Origin:
      - "*"
      Transfer-Encoding:
      - chunked
      Content-Type:
      - application/json;charset=UTF-8
    body:
      encoding: UTF-8
      string: '{"sunrise":"2015-01-13 07:18","lng":-73.97388,"countryCode":"US","gmtOffset":-5,"rawOffset":-5,"sunset":"2015-01-13
        16:50","timezoneId":"America/New_York","dstOffset":-4,"countryName":"United
        States","time":"2015-01-13 15:41","lat":40.76424}'
    http_version: 
  recorded_at: Tue, 13 Jan 2015 20:41:47 GMT
- request:
    method: get
    uri: http://maps.googleapis.com/maps/api/geocode/json?language=en&latlng=40.76424,-73.97388&sensor=false
    body:
      encoding: US-ASCII
      string: ''
    headers:
      Accept-Encoding:
      - gzip;q=1.0,deflate;q=0.6,identity;q=0.3
      Accept:
      - "*/*"
      User-Agent:
      - Ruby
  response:
    status:
      code: 200
      message: OK
    headers:
      Content-Type:
      - application/json; charset=UTF-8
      Date:
      - Tue, 13 Jan 2015 20:41:47 GMT
      Expires:
      - Wed, 14 Jan 2015 20:41:47 GMT
      Cache-Control:
      - public, max-age=86400
      Access-Control-Allow-Origin:
      - "*"
      Server:
      - mafe
      X-Xss-Protection:
      - 1; mode=block
      X-Frame-Options:
      - SAMEORIGIN
      Alternate-Protocol:
      - 80:quic,p=0.02
      Accept-Ranges:
      - none
      Vary:
      - Accept-Encoding
      Transfer-Encoding:
      - chunked
    body:
      encoding: UTF-8
      string: |
        {
           "results" : [
              {
                 "address_components" : [
                    {
                       "long_name" : "71507",
                       "short_name" : "71507",
                       "types" : [ "street_number" ]
                    },
                    {
                       "long_name" : "Grand Army Plaza",
                       "short_name" : "Grand Army Plaza",
                       "types" : [ "route" ]
                    },
                    {
                       "long_name" : "Central Park",
                       "short_name" : "Central Park",
                       "types" : [ "neighborhood", "political" ]
                    },
                    {
                       "long_name" : "Manhattan",
                       "short_name" : "Manhattan",
                       "types" : [ "sublocality_level_1", "sublocality", "political" ]
                    },
                    {
                       "long_name" : "New York",
                       "short_name" : "NY",
                       "types" : [ "locality", "political" ]
                    },
                    {
                       "long_name" : "New York County",
                       "short_name" : "New York County",
                       "types" : [ "administrative_area_level_2", "political" ]
                    },
                    {
                       "long_name" : "New York",
                       "short_name" : "NY",
                       "types" : [ "administrative_area_level_1", "political" ]
                    },
                    {
                       "long_name" : "United States",
                       "short_name" : "US",
                       "types" : [ "country", "political" ]
                    },
                    {
                       "long_name" : "10019",
                       "short_name" : "10019",
                       "types" : [ "postal_code" ]
                    }
                 ],
                 "formatted_address" : "71507 Grand Army Plaza, New York, NY 10019, USA",
                 "geometry" : {
                    "location" : {
                       "lat" : 40.7650434,
                       "lng" : -73.97331969999999
                    },
                    "location_type" : "ROOFTOP",
                    "viewport" : {
                       "northeast" : {
                          "lat" : 40.7663923802915,
                          "lng" : -73.97197071970849
                       },
                       "southwest" : {
                          "lat" : 40.7636944197085,
                          "lng" : -73.9746686802915
                       }
                    }
                 },
                 "types" : [ "street_address" ]
              },
              {
                 "address_components" : [
                    {
                       "long_name" : "5 Av/w 58 St",
                       "short_name" : "5 Av/w 58 St",
                       "types" : [ "bus_station", "transit_station", "establishment" ]
                    },
                    {
                       "long_name" : "Midtown",
                       "short_name" : "Midtown",
                       "types" : [ "neighborhood", "political" ]
                    },
                    {
                       "long_name" : "Manhattan",
                       "short_name" : "Manhattan",
                       "types" : [ "sublocality_level_1", "sublocality", "political" ]
                    },
                    {
                       "long_name" : "New York",
                       "short_name" : "NY",
                       "types" : [ "locality", "political" ]
                    },
                    {
                       "long_name" : "New York County",
                       "short_name" : "New York County",
                       "types" : [ "administrative_area_level_2", "political" ]
                    },
                    {
                       "long_name" : "New York",
                       "short_name" : "NY",
                       "types" : [ "administrative_area_level_1", "political" ]
                    },
                    {
                       "long_name" : "United States",
                       "short_name" : "US",
                       "types" : [ "country", "political" ]
                    },
                    {
                       "long_name" : "10019",
                       "short_name" : "10019",
                       "types" : [ "postal_code" ]
                    }
                 ],
                 "formatted_address" : "5 Av/w 58 St, New York, NY 10019, USA",
                 "geometry" : {
                    "location" : {
                       "lat" : 40.763824,
                       "lng" : -73.973479
                    },
                    "location_type" : "APPROXIMATE",
                    "viewport" : {
                       "northeast" : {
                          "lat" : 40.7651729802915,
                          "lng" : -73.97213001970849
                       },
                       "southwest" : {
                          "lat" : 40.7624750197085,
                          "lng" : -73.97482798029149
                       }
                    }
                 },
                 "types" : [ "bus_station", "transit_station", "establishment" ]
              },
              {
                 "address_components" : [
                    {
                       "long_name" : "5 Av/West 60 - 59 St",
                       "short_name" : "5 Av/West 60 - 59 St",
                       "types" : [ "bus_station", "transit_station", "establishment" ]
                    },
                    {
                       "long_name" : "Upper East Side",
                       "short_name" : "UES",
                       "types" : [ "neighborhood", "political" ]
                    },
                    {
                       "long_name" : "Manhattan",
                       "short_name" : "Manhattan",
                       "types" : [ "sublocality_level_1", "sublocality", "political" ]
                    },
                    {
                       "long_name" : "New York",
                       "short_name" : "NY",
                       "types" : [ "locality", "political" ]
                    },
                    {
                       "long_name" : "New York County",
                       "short_name" : "New York County",
                       "types" : [ "administrative_area_level_2", "political" ]
                    },
                    {
                       "long_name" : "New York",
                       "short_name" : "NY",
                       "types" : [ "administrative_area_level_1", "political" ]
                    },
                    {
                       "long_name" : "United States",
                       "short_name" : "US",
                       "types" : [ "country", "political" ]
                    },
                    {
                       "long_name" : "10022",
                       "short_name" : "10022",
                       "types" : [ "postal_code" ]
                    }
                 ],
                 "formatted_address" : "5 Av/West 60 - 59 St, New York, NY 10022, USA",
                 "geometry" : {
                    "location" : {
                       "lat" : 40.76445,
                       "lng" : -73.973015
                    },
                    "location_type" : "APPROXIMATE",
                    "viewport" : {
                       "northeast" : {
                          "lat" : 40.76579898029149,
                          "lng" : -73.97166601970849
                       },
                       "southwest" : {
                          "lat" : 40.7631010197085,
                          "lng" : -73.97436398029151
                       }
                    }
                 },
                 "types" : [ "bus_station", "transit_station", "establishment" ]
              },
              {
                 "address_components" : [
                    {
                       "long_name" : "5 Av/59 St",
                       "short_name" : "5 Av/59 St",
                       "types" : [ "subway_station", "transit_station", "train_station", "establishment" ]
                    },
                    {
                       "long_name" : "Central Park",
                       "short_name" : "Central Park",
                       "types" : [ "neighborhood", "political" ]
                    },
                    {
                       "long_name" : "Manhattan",
                       "short_name" : "Manhattan",
                       "types" : [ "sublocality_level_1", "sublocality", "political" ]
                    },
                    {
                       "long_name" : "New York",
                       "short_name" : "NY",
                       "types" : [ "locality", "political" ]
                    },
                    {
                       "long_name" : "New York County",
                       "short_name" : "New York County",
                       "types" : [ "administrative_area_level_2", "political" ]
                    },
                    {
                       "long_name" : "New York",
                       "short_name" : "NY",
                       "types" : [ "administrative_area_level_1", "political" ]
                    },
                    {
                       "long_name" : "United States",
                       "short_name" : "US",
                       "types" : [ "country", "political" ]
                    },
                    {
                       "long_name" : "10022",
                       "short_name" : "10022",
                       "types" : [ "postal_code" ]
                    }
                 ],
                 "formatted_address" : "5 Av/59 St, New York, NY 10022, USA",
                 "geometry" : {
                    "location" : {
                       "lat" : 40.764811,
                       "lng" : -73.97334699999999
                    },
                    "location_type" : "APPROXIMATE",
                    "viewport" : {
                       "northeast" : {
                          "lat" : 40.7661599802915,
                          "lng" : -73.97199801970849
                       },
                       "southwest" : {
                          "lat" : 40.7634620197085,
                          "lng" : -73.9746959802915
                       }
                    }
                 },
                 "types" : [ "subway_station", "transit_station", "train_station", "establishment" ]
              },
              {
                 "address_components" : [
                    {
                       "long_name" : "10153",
                       "short_name" : "10153",
                       "types" : [ "postal_code" ]
                    },
                    {
                       "long_name" : "Midtown East",
                       "short_name" : "Midtown East",
                       "types" : [ "neighborhood", "political" ]
                    },
                    {
                       "long_name" : "Manhattan",
                       "short_name" : "Manhattan",
                       "types" : [ "sublocality_level_1", "sublocality", "political" ]
                    },
                    {
                       "long_name" : "New York",
                       "short_name" : "NY",
                       "types" : [ "locality", "political" ]
                    },
                    {
                       "long_name" : "New York County",
                       "short_name" : "New York County",
                       "types" : [ "administrative_area_level_2", "political" ]
                    },
                    {
                       "long_name" : "New York",
                       "short_name" : "NY",
                       "types" : [ "administrative_area_level_1", "political" ]
                    },
                    {
                       "long_name" : "United States",
                       "short_name" : "US",
                       "types" : [ "country", "political" ]
                    }
                 ],
                 "formatted_address" : "New York, NY 10153, USA",
                 "geometry" : {
                    "location" : {
                       "lat" : 40.7638697,
                       "lng" : -73.97322939999999
                    },
                    "location_type" : "APPROXIMATE",
                    "viewport" : {
                       "northeast" : {
                          "lat" : 40.7652186802915,
                          "lng" : -73.97188041970848
                       },
                       "southwest" : {
                          "lat" : 40.7625207197085,
                          "lng" : -73.97457838029149
                       }
                    }
                 },
                 "types" : [ "postal_code" ]
              },
              {
                 "address_components" : [
                    {
                       "long_name" : "10019",
                       "short_name" : "10019",
                       "types" : [ "postal_code" ]
                    },
                    {
                       "long_name" : "New York",
                       "short_name" : "NY",
                       "types" : [ "locality", "political" ]
                    },
                    {
                       "long_name" : "New York",
                       "short_name" : "NY",
                       "types" : [ "administrative_area_level_1", "political" ]
                    },
                    {
                       "long_name" : "United States",
                       "short_name" : "US",
                       "types" : [ "country", "political" ]
                    }
                 ],
                 "formatted_address" : "New York, NY 10019, USA",
                 "geometry" : {
                    "bounds" : {
                       "northeast" : {
                          "lat" : 40.77975,
                          "lng" : -73.97028109999999
                       },
                       "southwest" : {
                          "lat" : 40.7147408,
                          "lng" : -74.0082699
                       }
                    },
                    "location" : {
                       "lat" : 40.7686973,
                       "lng" : -73.9918181
                    },
                    "location_type" : "APPROXIMATE",
                    "viewport" : {
                       "northeast" : {
                          "lat" : 40.77975,
                          "lng" : -73.97028109999999
                       },
                       "southwest" : {
                          "lat" : 40.7597869,
                          "lng" : -74.0082699
                       }
                    }
                 },
                 "types" : [ "postal_code" ]
              },
              {
                 "address_components" : [
                    {
                       "long_name" : "Midtown",
                       "short_name" : "Midtown",
                       "types" : [ "neighborhood", "political" ]
                    },
                    {
                       "long_name" : "Manhattan",
                       "short_name" : "Manhattan",
                       "types" : [ "sublocality_level_1", "sublocality", "political" ]
                    },
                    {
                       "long_name" : "New York",
                       "short_name" : "NY",
                       "types" : [ "locality", "political" ]
                    },
                    {
                       "long_name" : "New York County",
                       "short_name" : "New York County",
                       "types" : [ "administrative_area_level_2", "political" ]
                    },
                    {
                       "long_name" : "New York",
                       "short_name" : "NY",
                       "types" : [ "administrative_area_level_1", "political" ]
                    },
                    {
                       "long_name" : "United States",
                       "short_name" : "US",
                       "types" : [ "country", "political" ]
                    }
                 ],
                 "formatted_address" : "Midtown, New York, NY, USA",
                 "geometry" : {
                    "bounds" : {
                       "northeast" : {
                          "lat" : 40.77410690000001,
                          "lng" : -73.95889869999999
                       },
                       "southwest" : {
                          "lat" : 40.72686849999999,
                          "lng" : -74.0089488
                       }
                    },
                    "location" : {
                       "lat" : 40.7549309,
                       "lng" : -73.9840195
                    },
                    "location_type" : "APPROXIMATE",
                    "viewport" : {
                       "northeast" : {
                          "lat" : 40.77410690000001,
                          "lng" : -73.95889869999999
                       },
                       "southwest" : {
                          "lat" : 40.72686849999999,
                          "lng" : -74.0089488
                       }
                    }
                 },
                 "types" : [ "neighborhood", "political" ]
              },
              {
                 "address_components" : [
                    {
                       "long_name" : "Manhattan",
                       "short_name" : "Manhattan",
                       "types" : [ "sublocality_level_1", "sublocality", "political" ]
                    },
                    {
                       "long_name" : "New York",
                       "short_name" : "NY",
                       "types" : [ "locality", "political" ]
                    },
                    {
                       "long_name" : "New York County",
                       "short_name" : "New York County",
                       "types" : [ "administrative_area_level_2", "political" ]
                    },
                    {
                       "long_name" : "New York",
                       "short_name" : "NY",
                       "types" : [ "administrative_area_level_1", "political" ]
                    },
                    {
                       "long_name" : "United States",
                       "short_name" : "US",
                       "types" : [ "country", "political" ]
                    }
                 ],
                 "formatted_address" : "Manhattan, New York, NY, USA",
                 "geometry" : {
                    "bounds" : {
                       "northeast" : {
                          "lat" : 40.882214,
                          "lng" : -73.907
                       },
                       "southwest" : {
                          "lat" : 40.6795479,
                          "lng" : -74.047285
                       }
                    },
                    "location" : {
                       "lat" : 40.790278,
                       "lng" : -73.959722
                    },
                    "location_type" : "APPROXIMATE",
                    "viewport" : {
                       "northeast" : {
                          "lat" : 40.820045,
                          "lng" : -73.90331300000001
                       },
                       "southwest" : {
                          "lat" : 40.698078,
                          "lng" : -74.03514899999999
                       }
                    }
                 },
                 "types" : [ "sublocality_level_1", "sublocality", "political" ]
              },
              {
                 "address_components" : [
                    {
                       "long_name" : "New York County",
                       "short_name" : "New York County",
                       "types" : [ "administrative_area_level_2", "political" ]
                    },
                    {
                       "long_name" : "New York",
                       "short_name" : "NY",
                       "types" : [ "administrative_area_level_1", "political" ]
                    },
                    {
                       "long_name" : "United States",
                       "short_name" : "US",
                       "types" : [ "country", "political" ]
                    }
                 ],
                 "formatted_address" : "New York County, NY, USA",
                 "geometry" : {
                    "bounds" : {
                       "northeast" : {
                          "lat" : 40.8792779,
                          "lng" : -73.907
                       },
                       "southwest" : {
                          "lat" : 40.6795929,
                          "lng" : -74.04726289999999
                       }
                    },
                    "location" : {
                       "lat" : 40.7830603,
                       "lng" : -73.9712488
                    },
                    "location_type" : "APPROXIMATE",
                    "viewport" : {
                       "northeast" : {
                          "lat" : 40.8792779,
                          "lng" : -73.907
                       },
                       "southwest" : {
                          "lat" : 40.6795929,
                          "lng" : -74.04726289999999
                       }
                    }
                 },
                 "types" : [ "administrative_area_level_2", "political" ]
              },
              {
                 "address_components" : [
                    {
                       "long_name" : "New York",
                       "short_name" : "NY",
                       "types" : [ "locality", "political" ]
                    },
                    {
                       "long_name" : "New York County",
                       "short_name" : "New York County",
                       "types" : [ "administrative_area_level_2", "political" ]
                    },
                    {
                       "long_name" : "New York",
                       "short_name" : "NY",
                       "types" : [ "administrative_area_level_1", "political" ]
                    },
                    {
                       "long_name" : "United States",
                       "short_name" : "US",
                       "types" : [ "country", "political" ]
                    }
                 ],
                 "formatted_address" : "New York, NY, USA",
                 "geometry" : {
                    "bounds" : {
                       "northeast" : {
                          "lat" : 40.91525559999999,
                          "lng" : -73.70027209999999
                       },
                       "southwest" : {
                          "lat" : 40.4959961,
                          "lng" : -74.2590879
                       }
                    },
                    "location" : {
                       "lat" : 40.7127837,
                       "lng" : -74.0059413
                    },
                    "location_type" : "APPROXIMATE",
                    "viewport" : {
                       "northeast" : {
                          "lat" : 40.91525559999999,
                          "lng" : -73.70027209999999
                       },
                       "southwest" : {
                          "lat" : 40.4959961,
                          "lng" : -74.2590879
                       }
                    }
                 },
                 "types" : [ "locality", "political" ]
              },
              {
                 "address_components" : [
                    {
                       "long_name" : "New York",
                       "short_name" : "NY",
                       "types" : [ "administrative_area_level_1", "political" ]
                    },
                    {
                       "long_name" : "United States",
                       "short_name" : "US",
                       "types" : [ "country", "political" ]
                    }
                 ],
                 "formatted_address" : "New York, USA",
                 "geometry" : {
                    "bounds" : {
                       "northeast" : {
                          "lat" : 45.015865,
                          "lng" : -71.85626429999999
                       },
                       "southwest" : {
                          "lat" : 40.4959961,
                          "lng" : -79.76214379999999
                       }
                    },
                    "location" : {
                       "lat" : 43.2994285,
                       "lng" : -74.21793260000001
                    },
                    "location_type" : "APPROXIMATE",
                    "viewport" : {
                       "northeast" : {
                          "lat" : 45.015865,
                          "lng" : -71.85626429999999
                       },
                       "southwest" : {
                          "lat" : 40.4960191,
                          "lng" : -79.76214379999999
                       }
                    }
                 },
                 "types" : [ "administrative_area_level_1", "political" ]
              },
              {
                 "address_components" : [
                    {
                       "long_name" : "United States",
                       "short_name" : "US",
                       "types" : [ "country", "political" ]
                    }
                 ],
                 "formatted_address" : "United States",
                 "geometry" : {
                    "bounds" : {
                       "northeast" : {
                          "lat" : 71.389888,
                          "lng" : -66.9502861
                       },
                       "southwest" : {
                          "lat" : 18.9110642,
                          "lng" : 172.4458955
                       }
                    },
                    "location" : {
                       "lat" : 37.09024,
                       "lng" : -95.712891
                    },
                    "location_type" : "APPROXIMATE",
                    "viewport" : {
                       "northeast" : {
                          "lat" : 49.38,
                          "lng" : -66.94
                       },
                       "southwest" : {
                          "lat" : 25.82,
                          "lng" : -124.39
                       }
                    }
                 },
                 "types" : [ "country", "political" ]
              }
           ],
           "status" : "OK"
        }
    http_version: 
  recorded_at: Tue, 13 Jan 2015 20:41:47 GMT
- request:
    method: get
    uri: https://api.foursquare.com/v2/venues/explore?ll=40.7650434,-73.97331969999999&oauth_token=MLVKPP02MXONRZ1AJO0XAXIE4WCWSKUOIFPPQCERTNTQBXZR&query=The%20Plaza&v=20140819&venuePhotos=1
    body:
      encoding: US-ASCII
      string: ''
    headers:
      Accept-Encoding:
      - gzip;q=1.0,deflate;q=0.6,identity;q=0.3
      Accept:
      - "*/*"
      User-Agent:
      - Ruby
  response:
    status:
      code: 200
      message: OK
    headers:
      Date:
      - Tue, 13 Jan 2015 20:41:48 GMT
      Server:
      - nginx
      Content-Type:
      - application/json; charset=utf-8
      Access-Control-Allow-Origin:
      - "*"
      Tracer-Time:
      - '241'
      X-Ratelimit-Limit:
      - '500'
      X-Ratelimit-Remaining:
      - '488'
      Strict-Transport-Security:
      - max-age=864000
      X-Ex:
      - fastly_cdn
      Accept-Ranges:
      - bytes
      Via:
      - 1.1 varnish
      X-Served-By:
      - cache-ord1731-ORD
      X-Cache:
      - MISS
      X-Cache-Hits:
      - '0'
      Vary:
      - Accept-Encoding,User-Agent,Accept-Language
      Transfer-Encoding:
      - chunked
    body:
      encoding: UTF-8
      string: '{"meta":{"code":200},"notifications":[{"type":"notificationTray","item":{"unreadCount":63}}],"response":{"warning":{"text":"There
        aren''t a lot of results for \"The Plaza.\" Try something more general, reset
        your filters, or expand the search area."},"suggestedRadius":600,"headerLocation":"Central
        Park","headerFullLocation":"Central Park, New York","headerLocationGranularity":"neighborhood","query":"the
        plaza","totalResults":2,"suggestedBounds":{"ne":{"lat":40.76537258146571,"lng":-73.97533172193376},"sw":{"lat":40.76267292168026,"lng":-73.97262410553417}},"groups":[{"type":"Recommended
        Places","name":"recommended","items":[{"reasons":{"count":0,"items":[{"summary":"This
        spot is popular","type":"general","reasonName":"globalInteractionReason"}]},"venue":{"id":"4ddacc00b0fb97d348b93271","name":"The
        Shops at The Plaza","contact":{"phone":"2125465499","formattedPhone":"(212)
        546-5499"},"location":{"address":"1 W 58th St","crossStreet":"5th Ave","lat":40.76408859312372,"lng":-73.97483308661613,"distance":166,"postalCode":"10019","cc":"US","city":"New
        York","state":"NY","country":"United States","formattedAddress":["1 W 58th
        St (5th Ave)","New York, NY 10019"]},"categories":[{"id":"4bf58dd8d48988d1fd941735","name":"Mall","pluralName":"Malls","shortName":"Mall","icon":{"prefix":"https:\/\/ss3.4sqi.net\/img\/categories_v2\/shops\/mall_","suffix":".png"},"primary":true}],"verified":false,"stats":{"checkinsCount":637,"usersCount":417,"tipCount":7},"hasMenu":true,"like":false,"rating":7.8,"ratingSignals":15,"menu":{"type":"Services","label":"Services","anchor":"View
        Services","url":"https:\/\/foursquare.com\/v\/the-shops-at-the-plaza\/4ddacc00b0fb97d348b93271\/menu","mobileUrl":"https:\/\/foursquare.com\/v\/4ddacc00b0fb97d348b93271\/device_menu"},"hours":{"status":"Likely
        open","isOpen":true},"specials":{"count":0,"items":[]},"photos":{"count":29,"groups":[{"type":"venue","name":"Venue
        photos","count":29,"items":[{"id":"5032d3fee4b044311487f2ec","createdAt":1345508350,"prefix":"https:\/\/irs1.4sqi.net\/img\/general\/","suffix":"\/gI0mnKIkSNsPjGNbIBZ0ae2sqaDN-75k4d7caz_C5DY.jpg","width":720,"height":540,"user":{"id":"37890","firstName":"Dave","lastName":"McComb","gender":"male","photo":{"prefix":"https:\/\/irs3.4sqi.net\/img\/user\/","suffix":"\/IHX04CBS50FSDU3W.jpg"}},"visibility":"public"}]}]},"hereNow":{"count":0,"summary":"Nobody
        here","groups":[]},"featuredPhotos":{"count":1,"items":[{"id":"5032d3fee4b044311487f2ec","createdAt":1345508350,"prefix":"https:\/\/irs1.4sqi.net\/img\/general\/","suffix":"\/gI0mnKIkSNsPjGNbIBZ0ae2sqaDN-75k4d7caz_C5DY.jpg","width":720,"height":540,"user":{"id":"37890","firstName":"Dave","lastName":"McComb","gender":"male","photo":{"prefix":"https:\/\/irs3.4sqi.net\/img\/user\/","suffix":"\/IHX04CBS50FSDU3W.jpg"}},"visibility":"public"}]}},"tips":[{"id":"515616c0e4b00656ec44c3ef","createdAt":1364596416,"text":"Great
        public restrooms!","type":"user","canonicalUrl":"https:\/\/foursquare.com\/item\/515616c0e4b00656ec44c3ef","likes":{"count":1,"groups":[],"summary":"1
        like"},"logView":true,"todo":{"count":1},"user":{"id":"42913020","firstName":"Cathy","lastName":"Smith","gender":"female","photo":{"prefix":"https:\/\/irs3.4sqi.net\/img\/user\/","suffix":"\/RBNZDLNGSMCD0J00.jpg"}}}],"referralId":"e-0-4ddacc00b0fb97d348b93271-0"},{"reasons":{"count":0,"items":[{"summary":"This
        spot is popular","type":"general","reasonName":"globalInteractionReason"}]},"venue":{"id":"4dab414d8154abafc2bf224f","name":"The
        Plaza Hotel Fountain","contact":{},"location":{"address":"59 5th Ave","crossStreet":"(Central
        Park South)","lat":40.76395691002225,"lng":-73.9731227408518,"distance":122,"postalCode":"10003","cc":"US","city":"New
        York","state":"NY","country":"United States","formattedAddress":["59 5th Ave
        ((Central Park South))","New York, NY 10003"]},"categories":[{"id":"4bf58dd8d48988d164941735","name":"Plaza","pluralName":"Plazas","shortName":"Plaza","icon":{"prefix":"https:\/\/ss3.4sqi.net\/img\/categories_v2\/parks_outdoors\/plaza_","suffix":".png"},"primary":true}],"verified":false,"stats":{"checkinsCount":1623,"usersCount":1244,"tipCount":6},"like":false,"specials":{"count":0,"items":[]},"photos":{"count":141,"groups":[{"type":"venue","name":"Venue
        photos","count":141,"items":[{"id":"51843035498e43b270124076","createdAt":1367617589,"prefix":"https:\/\/irs0.4sqi.net\/img\/general\/","suffix":"\/29101171_4-Dul_8kabnGMxuQiCvhwQa4EKbHP8wCX0fEIiKLW18.jpg","width":1440,"height":1440,"user":{"id":"29101171","firstName":"Rudolf","lastName":"French","gender":"male","photo":{"prefix":"https:\/\/irs2.4sqi.net\/img\/user\/","suffix":"\/-FJLKJAH1XZWJN5JE.jpg"}},"visibility":"public"}]}]},"hereNow":{"count":0,"summary":"Nobody
        here","groups":[]},"featuredPhotos":{"count":1,"items":[{"id":"51843035498e43b270124076","createdAt":1367617589,"prefix":"https:\/\/irs0.4sqi.net\/img\/general\/","suffix":"\/29101171_4-Dul_8kabnGMxuQiCvhwQa4EKbHP8wCX0fEIiKLW18.jpg","width":1440,"height":1440,"user":{"id":"29101171","firstName":"Rudolf","lastName":"French","gender":"male","photo":{"prefix":"https:\/\/irs2.4sqi.net\/img\/user\/","suffix":"\/-FJLKJAH1XZWJN5JE.jpg"}},"visibility":"public"}]}},"tips":[{"id":"4eb59239b8f786e27544d12f","createdAt":1320522297,"text":"It
        smells like horse poop here, but it''s so fkn classy.","type":"user","canonicalUrl":"https:\/\/foursquare.com\/item\/4eb59239b8f786e27544d12f","photo":{"id":"4eb5924002d5f33e92a1a4a2","createdAt":1320522304,"source":{"name":"foursquare
        for iPhone","url":"https:\/\/foursquare.com\/download\/#\/iphone"},"prefix":"https:\/\/irs2.4sqi.net\/img\/general\/","suffix":"\/MSQVEFV3BYBJFNMYXGPUCNWP2FI43HHQBISP3NRM0G2CPPMA.jpg","width":537,"height":720},"photourl":"https:\/\/irs2.4sqi.net\/img\/general\/original\/MSQVEFV3BYBJFNMYXGPUCNWP2FI43HHQBISP3NRM0G2CPPMA.jpg","likes":{"count":7,"groups":[],"summary":"7
        likes"},"logView":true,"todo":{"count":0},"user":{"id":"14789901","firstName":"Rose","lastName":"Kowalski","gender":"female","photo":{"prefix":"https:\/\/irs1.4sqi.net\/img\/user\/","suffix":"\/VNO434VZEYXYS5B5.jpg"}}}],"referralId":"e-0-4dab414d8154abafc2bf224f-1"}]}]}}'
    http_version: 
  recorded_at: Tue, 13 Jan 2015 20:41:48 GMT
- request:
    method: get
    uri: http://api.geonames.org/timezoneJSON?lat=40.7650434&lng=-73.97331969999999&username=sashafklein
    body:
      encoding: US-ASCII
      string: ''
    headers:
      Accept-Encoding:
      - gzip;q=1.0,deflate;q=0.6,identity;q=0.3
      Accept:
      - "*/*"
      User-Agent:
      - Ruby
  response:
    status:
      code: 200
      message: OK
    headers:
      Date:
      - Tue, 13 Jan 2015 20:41:49 GMT
      Server:
      - Apache/2.2.17 (Linux/SUSE)
      Cache-Control:
      - no-cache
      Access-Control-Allow-Origin:
      - "*"
      Transfer-Encoding:
      - chunked
      Content-Type:
      - application/json;charset=UTF-8
    body:
      encoding: UTF-8
      string: '{"time":"2015-01-13 15:41","countryName":"United States","sunset":"2015-01-13
        16:50","rawOffset":-5,"dstOffset":-4,"countryCode":"US","gmtOffset":-5,"lng":-73.97331969999999,"sunrise":"2015-01-13
        07:18","timezoneId":"America/New_York","lat":40.7650434}'
    http_version: 
  recorded_at: Tue, 13 Jan 2015 20:41:49 GMT
recorded_with: VCR 2.9.3
